#-----------------------------------------------------------
# Vivado v2017.4 (64-bit)
# SW Build 2086221 on Fri Dec 15 20:55:39 MST 2017
# IP Build 2085800 on Fri Dec 15 22:25:07 MST 2017
# Start of session at: Thu May 25 16:32:34 2023
# Process ID: 26020
# Current directory: D:/myCodes/vivado/computer_organization/SUSTC_CS214_MINISYS_CPU/Minisys_CPU
# Command line: vivado.exe -gui_launcher_event rodinguilauncherevent25868 D:\myCodes\vivado\computer_organization\SUSTC_CS214_MINISYS_CPU\Minisys_CPU\Minisys_CPU.xpr
# Log file: D:/myCodes/vivado/computer_organization/SUSTC_CS214_MINISYS_CPU/Minisys_CPU/vivado.log
# Journal file: D:/myCodes/vivado/computer_organization/SUSTC_CS214_MINISYS_CPU/Minisys_CPU\vivado.jou
#-----------------------------------------------------------
start_gui
open_project D:/myCodes/vivado/computer_organization/SUSTC_CS214_MINISYS_CPU/Minisys_CPU/Minisys_CPU.xpr
update_compile_order -fileset sources_1
open_hw
connect_hw_server
open_hw_target
set_property PROGRAM.FILE {D:/myCodes/vivado/computer_organization/SUSTC_CS214_MINISYS_CPU/Minisys_CPU/Minisys_CPU.runs/impl_1/TEST_FOR_SIG_LED.bit} [get_hw_devices xc7a100t_0]
current_hw_device [get_hw_devices xc7a100t_0]
refresh_hw_device -update_hw_probes false [lindex [get_hw_devices xc7a100t_0] 0]
set_property PROBES.FILE {} [get_hw_devices xc7a100t_0]
set_property FULL_PROBES.FILE {} [get_hw_devices xc7a100t_0]
set_property PROGRAM.FILE {D:/myCodes/vivado/computer_organization/SUSTC_CS214_MINISYS_CPU/Minisys_CPU/Minisys_CPU.runs/impl_1/TEST_FOR_SIG_LED.bit} [get_hw_devices xc7a100t_0]
program_hw_devices [get_hw_devices xc7a100t_0]
refresh_hw_device [lindex [get_hw_devices xc7a100t_0] 0]
open_run impl_1
