Copyright 1986-2017 Xilinx, Inc. All Rights Reserved.
---------------------------------------------------------------------------------------------
| Tool Version : Vivado v.2017.4 (win64) Build 2086221 Fri Dec 15 20:55:39 MST 2017
| Date         : Thu May 25 15:16:08 2023
| Host         : Gao running 64-bit major release  (build 9200)
| Command      : report_control_sets -verbose -file TEST_FOR_SIG_LED_control_sets_placed.rpt
| Design       : TEST_FOR_SIG_LED
| Device       : xc7a100t
---------------------------------------------------------------------------------------------

Control Set Information

Table of Contents
-----------------
1. Summary
2. Flip-Flop Distribution
3. Detailed Control Set Information

1. Summary
----------

+----------------------------------------------------------+-------+
|                          Status                          | Count |
+----------------------------------------------------------+-------+
| Number of unique control sets                            |     7 |
| Unused register locations in slices containing registers |    24 |
+----------------------------------------------------------+-------+


2. Flip-Flop Distribution
-------------------------

+--------------+-----------------------+------------------------+-----------------+--------------+
| Clock Enable | Synchronous Set/Reset | Asynchronous Set/Reset | Total Registers | Total Slices |
+--------------+-----------------------+------------------------+-----------------+--------------+
| No           | No                    | No                     |              42 |           21 |
| No           | No                    | Yes                    |               0 |            0 |
| No           | Yes                   | No                     |               0 |            0 |
| Yes          | No                    | No                     |               4 |            1 |
| Yes          | No                    | Yes                    |               0 |            0 |
| Yes          | Yes                   | No                     |              26 |            7 |
+--------------+-----------------------+------------------------+-----------------+--------------+


3. Detailed Control Set Information
-----------------------------------

+---------------------------+-----------------------------+-----------------------------+------------------+----------------+
|        Clock Signal       |        Enable Signal        |       Set/Reset Signal      | Slice Load Count | Bel Load Count |
+---------------------------+-----------------------------+-----------------------------+------------------+----------------+
|  keypad1/p_2_in           |                             |                             |                3 |              4 |
|  keypad1/clk_10_reg__0[7] |                             |                             |                2 |              4 |
|  clk_BUFG                 | pad_decode1/last[3]_i_1_n_0 |                             |                1 |              4 |
|  clk_BUFG                 | pad_decode1/cnt[9]_i_1_n_0  | pad_decode1/last[3]_i_1_n_0 |                4 |             10 |
|  clk_BUFG                 |                             |                             |               11 |             16 |
|  clk_BUFG                 | pad_decode1/o1[3]_i_2_n_0   | pad_decode1/o1[3]_i_1_n_0   |                3 |             16 |
|  cpuclk1/inst/uart_clk    |                             |                             |                5 |             18 |
+---------------------------+-----------------------------+-----------------------------+------------------+----------------+


+--------+-----------------------+
| Fanout | Number of ControlSets |
+--------+-----------------------+
| 4      |                     3 |
| 10     |                     1 |
| 16+    |                     3 |
+--------+-----------------------+


